
> avatar-g-workspace@2.0.0 build
> next build

  Gû¦ Next.js 14.2.35
  - Environments: .env.local

   Creating an optimized production build ...
