lib/billing/enforce.ts(219,1): error TS1128: Declaration or statement expected.
lib/billing/enforce.ts(219,2): error TS1128: Declaration or statement expected.
lib/billing/enforce.ts(219,3): error TS1128: Declaration or statement expected.
lib/billing/enforce.ts(219,17): error TS1109: Expression expected.
lib/billing/enforce.ts(220,9): error TS1005: ',' expected.
lib/billing/enforce.ts(221,19): error TS1005: ',' expected.
lib/billing/enforce.ts(224,4): error TS1005: ';' expected.
lib/billing/enforce.ts(225,1): error TS1128: Declaration or statement expected.
